S,A,B
a,b,c
S
A->ab
A->aAB
A->aBb
A->aABbbcc
B->a
B->BA
S->ab
S->aAB
S->aBb
S->aABbbcc
S->a
S->BA
A->a
A->BA
B->ab
B->aAB
B->aBb
B->aABbbcc
