A,B,S,a',b',<AB>,<Bb>,<ABbbcc>,<Bbbcc>,<bbcc>,<bcc>,<cc>,c'
a,b,c
S
A->a'b'
B->a
B->BA
S->a'b'
S->a
S->BA
A->a
A->BA
B->a'b'
a'->a
b'->b
A->a'<AB>
<AB>->AB
A->a'<Bb>
<Bb>->Bb'
A->a'<ABbbcc>
<ABbbcc>->A<Bbbcc>
<Bbbcc>->B<bbcc>
<bbcc>->b'<bcc>
<bcc>->b'<cc>
<cc>->c'c'
c'->c
S->a'<AB>
S->a'<Bb>
S->a'<ABbbcc>
B->a'<AB>
B->a'<Bb>
B->a'<ABbbcc>
